// Jest Snapshot v1, https://goo.gl/fbAQLP

exports[`ButtonMore component works should render ButtonMore component 1`] = `
<a
  class="link"
  href="/undefined"
>
  More ...
</a>
`;
