// Jest Snapshot v1, https://goo.gl/fbAQLP

exports[`InfoBox component works should render InfoBox component 1`] = `
<li>
  <b>
    name
    : 
  </b>
  Luke Skywalker 1
</li>
`;
